14:17:18 **** Clean-only build of configuration Debug for project LPC1769_asm_blinky ****
make -r clean 
rm -rf  ./src/asm.o  LPC1769_asm_blinky.axf
 
14:17:31 **** Build of configuration Debug for project LPC1769_asm_blinky ****
make -r all 
Building file: ../src/asm.s
Invoking: MCU Assembler
arm-none-eabi-gcc -c -x assembler-with-cpp -D__REDLIB__ -DDEBUG -D__CODE_RED -g3 -mcpu=cortex-m3 -mthumb -D__REDLIB__ -specs=redlib.specs -o "src/asm.o" "../src/asm.s"
Finished building: ../src/asm.s
 
Building target: LPC1769_asm_blinky.axf
Invoking: MCU Linker
arm-none-eabi-gcc -nostdlib -Xlinker -Map=LPC1769_asm_blinky.map -Xlinker --gc-sections -mcpu=cortex-m3 -mthumb -T LPC1769_asm_blinky_Debug.ld -o "LPC1769_asm_blinky.axf"  ./src/asm.o   
c:/nxp/lpcxpresso_8.2.2_650/lpcxpresso/tools/bin/../lib/gcc/arm-none-eabi/5.4.1/../../../../arm-none-eabi/bin/ld.exe: warning: cannot find entry symbol ResetISR; defaulting to 00000000
Finished building target: LPC1769_asm_blinky.axf
 
make --no-print-directory post-build
Performing post-build steps
arm-none-eabi-size LPC1769_asm_blinky.axf; # arm-none-eabi-objcopy -O binary LPC1769_asm_blinky.axf LPC1769_asm_blinky.bin ; checksum -p LPC1768 -d LPC1769_asm_blinky.bin;
   text	   data	    bss	    dec	    hex	filename
     40	      0	      0	     40	     28	LPC1769_asm_blinky.axf
 
14:17:49 **** Incremental Build of configuration Debug for project LPC1769_asm_blinky ****
make -r all 
make: Nothing to be done for `all'.
14:20:39 **** Incremental Build of configuration Debug for project LPC1769_asm_blinky ****
make -r all 
make: Nothing to be done for `all'.
14:20:50 **** Incremental Build of configuration Debug for project LPC1769_asm_blinky ****
make -r all 
make: Nothing to be done for `all'.
14:21:16 **** Incremental Build of configuration Debug for project LPC1769_asm_blinky ****
make -r all 
Building target: LPC1769_asm_blinky.axf
Invoking: MCU Linker
arm-none-eabi-gcc -nostdlib -Xlinker -Map=LPC1769_asm_blinky.map -Xlinker --gc-sections -mcpu=cortex-m3 -mthumb -T LPC1769_asm_blinky_Debug.ld -o "LPC1769_asm_blinky.axf"  ./src/asm.o   
Finished building target: LPC1769_asm_blinky.axf
 
make --no-print-directory post-build
Performing post-build steps
arm-none-eabi-size LPC1769_asm_blinky.axf; # arm-none-eabi-objcopy -O binary LPC1769_asm_blinky.axf LPC1769_asm_blinky.bin ; checksum -p LPC1768 -d LPC1769_asm_blinky.bin;
   text	   data	    bss	    dec	    hex	filename
    100	      0	      0	    100	     64	LPC1769_asm_blinky.axf
 
14:21:21 **** Incremental Build of configuration Debug for project LPC1769_asm_blinky ****
make -r all 
make: Nothing to be done for `all'.
14:21:44 **** Incremental Build of configuration Debug for project LPC1769_asm_blinky ****
make -r all 
make: Nothing to be done for `all'.
14:21:47 **** Incremental Build of configuration Debug for project LPC1769_asm_blinky ****
make -r all 
make: Nothing to be done for `all'.
14:29:13 **** Incremental Build of configuration Debug for project LPC1769_asm_blinky ****
make -r all 
make: Nothing to be done for `all'.
14:29:15 **** Incremental Build of configuration Debug for project LPC1769_asm_blinky ****
make -r all 
make: Nothing to be done for `all'.
14:36:16 **** Clean-only build of configuration Debug for project LPC1769_plainC_blinky ****
make -r clean 
rm -rf  ./src/cr_startup_lpc176x.o ./src/main.o  ./src/cr_startup_lpc176x.d ./src/main.d  LPC1769_plainC_blinky.axf
 
14:36:17 **** Build of configuration Debug for project LPC1769_plainC_blinky ****
make -r all 
Building file: ../src/cr_startup_lpc176x.c
Invoking: MCU C Compiler
arm-none-eabi-gcc -DDEBUG -D__REDLIB__ -O0 -Os -g3 -Wall -c -fmessage-length=0 -fno-builtin -ffunction-sections -fdata-sections -mcpu=cortex-m3 -mthumb -D__REDLIB__ -specs=redlib.specs -MMD -MP -MF"src/cr_startup_lpc176x.d" -MT"src/cr_startup_lpc176x.d" -o "src/cr_startup_lpc176x.o" "../src/cr_startup_lpc176x.c"
Finished building: ../src/cr_startup_lpc176x.c
 
Building file: ../src/main.c
Invoking: MCU C Compiler
arm-none-eabi-gcc -DDEBUG -D__REDLIB__ -O0 -g3 -Wall -c -fmessage-length=0 -fno-builtin -ffunction-sections -fdata-sections -mcpu=cortex-m3 -mthumb -D__REDLIB__ -specs=redlib.specs -MMD -MP -MF"src/main.d" -MT"src/main.o" -MT"src/main.d" -o "src/main.o" "../src/main.c"
Finished building: ../src/main.c
 
Building target: LPC1769_plainC_blinky.axf
Invoking: MCU Linker
arm-none-eabi-gcc -nostdlib -Xlinker -Map=LPC1769_plainC_blinky.map -Xlinker --gc-sections -mcpu=cortex-m3 -mthumb -T "LPC1769_plainC_blinky_Debug.ld" -o "LPC1769_plainC_blinky.axf"  ./src/cr_startup_lpc176x.o ./src/main.o   
Finished building target: LPC1769_plainC_blinky.axf
 
make --no-print-directory post-build
Performing post-build steps
arm-none-eabi-size LPC1769_plainC_blinky.axf; # arm-none-eabi-objcopy -O binary LPC1769_plainC_blinky.axf LPC1769_plainC_blinky.bin ; checksum -d LPC1769_plainC_blinky.bin;
   text	   data	    bss	    dec	    hex	filename
   2296	      0	    336	   2632	    a48	LPC1769_plainC_blinky.axf
 
14:36:22 **** Incremental Build of configuration Debug for project LPC1769_plainC_blinky ****
make -r all 
make: Nothing to be done for `all'.
15:07:29 **** Build of configuration Debug for project cube ****
make -r all 
Building file: ../src/asm.s
Invoking: MCU Assembler
arm-none-eabi-gcc -c -x assembler-with-cpp -D__REDLIB__ -DDEBUG -D__CODE_RED -g3 -mcpu=cortex-m3 -mthumb -D__REDLIB__ -specs=redlib.specs -o "src/asm.o" "../src/asm.s"
Finished building: ../src/asm.s
 
Building target: cube.axf
Invoking: MCU Linker
arm-none-eabi-gcc -nostdlib -Tbss 0x10004000 -Xlinker -Map=cube.map -Xlinker --gc-sections -mcpu=cortex-m3 -mthumb -T LPC1769_asm_basic_Debug.ld -o "cube.axf"  ./src/asm.o   
c:/nxp/lpcxpresso_8.2.2_650/lpcxpresso/tools/bin/../lib/gcc/arm-none-eabi/5.4.1/../../../../arm-none-eabi/bin/ld.exe: warning: cannot find entry symbol ResetISR; defaulting to 00000000
Finished building target: cube.axf
 
make --no-print-directory post-build
Performing post-build steps
arm-none-eabi-size cube.axf; # arm-none-eabi-objcopy -O binary cube.axf cube.bin ; checksum -p LPC1769 -d cube.bin;
   text	   data	    bss	    dec	    hex	filename
     40	      0	      0	     40	     28	cube.axf
 
15:07:40 **** Incremental Build of configuration Debug for project cube ****
make -r all 
make: Nothing to be done for `all'.
15:08:02 **** Incremental Build of configuration Debug for project cube ****
make -r all 
Building target: cube.axf
Invoking: MCU Linker
arm-none-eabi-gcc -nostdlib -Tbss 0x10004000 -Xlinker -Map=cube.map -Xlinker --gc-sections -mcpu=cortex-m3 -mthumb -T LPC1769_asm_basic_Debug.ld -o "cube.axf"  ./src/asm.o   
Finished building target: cube.axf
 
make --no-print-directory post-build
Performing post-build steps
arm-none-eabi-size cube.axf; # arm-none-eabi-objcopy -O binary cube.axf cube.bin ; checksum -p LPC1769 -d cube.bin;
   text	   data	    bss	    dec	    hex	filename
     72	      0	      4	     76	     4c	cube.axf
 
15:08:05 **** Incremental Build of configuration Debug for project cube ****
make -r all 
make: Nothing to be done for `all'.
15:11:44 **** Incremental Build of configuration Debug for project cube ****
make -r all 
Building file: ../src/asm.s
Invoking: MCU Assembler
arm-none-eabi-gcc -c -x assembler-with-cpp -D__REDLIB__ -DDEBUG -D__CODE_RED -g3 -mcpu=cortex-m3 -mthumb -D__REDLIB__ -specs=redlib.specs -o "src/asm.o" "../src/asm.s"
Finished building: ../src/asm.s
 
Building target: cube.axf
Invoking: MCU Linker
arm-none-eabi-gcc -nostdlib -Tbss 0x10004000 -Xlinker -Map=cube.map -Xlinker --gc-sections -mcpu=cortex-m3 -mthumb -T LPC1769_asm_basic_Debug.ld -o "cube.axf"  ./src/asm.o   
Finished building target: cube.axf
 
make --no-print-directory post-build
Performing post-build steps
arm-none-eabi-size cube.axf; # arm-none-eabi-objcopy -O binary cube.axf cube.bin ; checksum -p LPC1769 -d cube.bin;
   text	   data	    bss	    dec	    hex	filename
     72	      0	      4	     76	     4c	cube.axf
 
15:11:48 **** Incremental Build of configuration Debug for project cube ****
make -r all 
make: Nothing to be done for `all'.
15:13:45 **** Incremental Build of configuration Debug for project cube ****
make -r all 
Building file: ../src/asm.s
Invoking: MCU Assembler
arm-none-eabi-gcc -c -x assembler-with-cpp -D__REDLIB__ -DDEBUG -D__CODE_RED -g3 -mcpu=cortex-m3 -mthumb -D__REDLIB__ -specs=redlib.specs -o "src/asm.o" "../src/asm.s"
Finished building: ../src/asm.s
 
Building target: cube.axf
Invoking: MCU Linker
arm-none-eabi-gcc -nostdlib -Tbss 0x10004000 -Xlinker -Map=cube.map -Xlinker --gc-sections -mcpu=cortex-m3 -mthumb -T LPC1769_asm_basic_Debug.ld -o "cube.axf"  ./src/asm.o   
Finished building target: cube.axf
 
make --no-print-directory post-build
Performing post-build steps
arm-none-eabi-size cube.axf; # arm-none-eabi-objcopy -O binary cube.axf cube.bin ; checksum -p LPC1769 -d cube.bin;
   text	   data	    bss	    dec	    hex	filename
     72	      0	      4	     76	     4c	cube.axf
 
15:13:49 **** Incremental Build of configuration Debug for project cube ****
make -r all 
make: Nothing to be done for `all'.
16:13:59 **** Build of configuration Debug for project sqrt ****
make -r all 
Building file: ../src/asm.s
Invoking: MCU Assembler
arm-none-eabi-gcc -c -x assembler-with-cpp -D__REDLIB__ -DDEBUG -D__CODE_RED -g3 -mcpu=cortex-m3 -mthumb -D__REDLIB__ -specs=redlib.specs -o "src/asm.o" "../src/asm.s"
Finished building: ../src/asm.s
 
Building target: sqrt.axf
Invoking: MCU Linker
arm-none-eabi-gcc -nostdlib -Tbss 0x10004000 -Xlinker -Map=sqrt.map -Xlinker --gc-sections -mcpu=cortex-m3 -mthumb -T LPC1769_asm_basic_Debug.ld -o "sqrt.axf"  ./src/asm.o   
Finished building target: sqrt.axf
 
make --no-print-directory post-build
Performing post-build steps
arm-none-eabi-size sqrt.axf; # arm-none-eabi-objcopy -O binary sqrt.axf sqrt.bin ; checksum -p LPC1769 -d sqrt.bin;
   text	   data	    bss	    dec	    hex	filename
     92	      0	      4	     96	     60	sqrt.axf
 
16:14:06 **** Incremental Build of configuration Debug for project sqrt ****
make -r all 
make: Nothing to be done for `all'.
